node.exe : FAIL test/
error-format.e2e-spec
.ts
At C:\Program Files\n
odejs\npx.ps1:29 
char:3
+   & $NODE_EXE 
$NPX_CLI_JS $args
+   ~~~~~~~~~~~~~~~~~
~~~~~~~~~~~~
    + CategoryInfo   
           : NotSpe  
  cified: (FAIL te   
 st/error-format.    
e2e-spec.ts:Stri    
ng) [], RemoteEx    
ception
    + FullyQualified 
   ErrorId : Native  
  CommandError
 
  ΓùÅ Test suite 
failed to run

    Cannot find 
module 'src/positions
/positions.service' 
from '../src/company/
companies.internal.se
rvice.ts'

    Require stack:
      
D:/Perkuliahan/Work O
rder/workorder-portal
/src/company/companie
s.internal.service.ts
      
D:/Perkuliahan/Work O
rder/workorder-portal
/src/auth/auth.servic
e.ts
      
D:/Perkuliahan/Work O
rder/workorder-portal
/src/auth/auth.module
.ts
      
D:/Perkuliahan/Work O
rder/workorder-portal
/src/app.module.ts
      error-format.e2
e-spec.ts

    [0m [90m  9 
|[39m 
[36mimport[39m { [
33mInviteEmployeesDto
[39m } 
[36mfrom[39m [32m'
./dto/invite-employee
s.dto'[39m[33m;[39
m
     [90m 10 |[39m 
[36mimport[39m { [
33mSuccessfulInvite[
39m[33m,[39m [33mI
nviteError[39m[33m,
[39m [33mInviteEmpl
oyeesResponse[39m } 
[36mfrom[39m [32m'
./interfaces/invitati
on.interface'[39m[3
3m;[39m
    [31m[1m>[22m[
39m[90m 11 |[39m 
[36mimport[39m { [
33mPositionsService[
39m } [36mfrom[39m 
[32m'src/positions/p
ositions.service'[39
m[33m;[39m
     [90m    |[39m 
[31m[1m^[22m[39m
     [90m 12 |[39m 
[36mimport[39m { [
33mUserDocument[39m 
} [36mfrom[39m [32
m'src/users/schemas/u
ser.schema'[39m[33m
;[39m
     [90m 13 |[39m 
[36mimport[39m { 
[33mRole[39m } 
[36mfrom[39m [32m'
src/common/enums/role
.enum'[39m[33m;[39
m
     [90m 14 
|[39m[0m

      at Resolver._th
rowModNotFoundError (
../node_modules/jest-
resolve/build/index.j
s:863:11)
      at 
Object.<anonymous> (.
./src/company/compani
es.internal.service.t
s:11:1)
      at 
Object.<anonymous> (.
./src/auth/auth.servi
ce.ts:12:1)
      at 
Object.<anonymous> (.
./src/auth/auth.modul
e.ts:3:1)
      at 
Object.<anonymous> (.
./src/app.module.ts:4
:1)
      at 
Object.<anonymous> (e
rror-format.e2e-spec.
ts:4:1)

Test Suites: 1 
failed, 1 total
Tests:       0 total
Snapshots:   0 total
Time:        3.622 s
Ran all test suites 
matching test/error-f
ormat.e2e-spec.ts.
